[
  {
    "custom": true,
    "id": "",
    "inputs": {
      "apiVersion": "v1",
      "imagePullSecrets": [
        {
          "name": "docker-reg-cred"
        }
      ],
      "kind": "ServiceAccount",
      "metadata": {
        "name": "default",
        "namespace": "cluster-ingress"
      }
    },
    "name": "cluster-ingress-default",
    "provider": "urn:pulumi:test-stack::test-project::pulumi:providers:kubernetes::k8s-imgpull-cluster-ingress-default::undefined_id",
    "type": "kubernetes:core/v1:ServiceAccountPatch"
  },
  {
    "custom": true,
    "id": "",
    "inputs": {
      "apiVersion": "v1",
      "kind": "Secret",
      "metadata": {
        "name": "docker-reg-cred",
        "namespace": "cluster-ingress"
      },
      "stringData": {
        "4dabf18193072939515e22adb298388d": "1b47061264138c4ac30d75fd1eb44270",
        "value": {
          ".dockerconfigjson": "{\"auths\":{\"digitalasset-canton-network-docker.jfrog.io\":{\"auth\":\"YXJ0X3VzZXI6czNjcjN0\",\"username\":\"art_user\",\"password\":\"s3cr3t\"},\"digitalasset-canton-network-docker-dev.jfrog.io\":{\"auth\":\"YXJ0X3VzZXI6czNjcjN0\",\"username\":\"art_user\",\"password\":\"s3cr3t\"}}}"
        }
      },
      "type": "kubernetes.io/dockerconfigjson"
    },
    "name": "cluster-ingress-docker-reg-cred",
    "provider": "",
    "type": "kubernetes:core/v1:Secret"
  },
  {
    "custom": true,
    "id": "",
    "inputs": {
      "chart": "oci://ghcr.io/digital-asset/decentralized-canton-sync-dev/helm/splice-cluster-ingress-runbook",
      "compat": "true",
      "maxHistory": 10,
      "name": "cluster-ingress-sv",
      "namespace": "sv",
      "timeout": 600,
      "values": {
        "affinity": {
          "nodeAffinity": {
            "requiredDuringSchedulingIgnoredDuringExecution": {
              "nodeSelectorTerms": [
                {
                  "matchExpressions": [
                    {
                      "key": "cn_apps",
                      "operator": "Exists"
                    }
                  ]
                }
              ]
            }
          }
        },
        "cluster": {
          "hostname": "mock.global.canton.network.digitalasset.com",
          "svNamespace": "sv"
        },
        "imageRepo": "us-central1-docker.pkg.dev/da-cn-shared/ghcr/digital-asset/decentralized-canton-sync-dev/docker",
        "ingress": {
          "decentralizedSynchronizer": {
            "migrationIds": [
              "3",
              "4"
            ]
          }
        },
        "spliceDomainNames": {
          "nameServiceDomain": "cns"
        },
        "tolerations": [
          {
            "effect": "NoSchedule",
            "key": "cn_apps",
            "operator": "Exists"
          }
        ]
      },
      "version": "0.3.20"
    },
    "name": "cluster-ingress-sv",
    "provider": "",
    "type": "kubernetes:helm.sh/v3:Release"
  },
  {
    "custom": true,
    "id": "",
    "inputs": {
      "apiVersion": "v1",
      "data": {
        "4dabf18193072939515e22adb298388d": "1b47061264138c4ac30d75fd1eb44270",
        "value": {
          "postgresPassword": ""
        }
      },
      "kind": "Secret",
      "metadata": {
        "name": "apps-pg-secret",
        "namespace": "sv"
      },
      "type": "Opaque"
    },
    "name": "cn-app-sv-apps-pg-secret",
    "provider": "",
    "type": "kubernetes:core/v1:Secret"
  },
  {
    "custom": true,
    "id": "",
    "inputs": {
      "apiVersion": "v1",
      "data": {
        "4dabf18193072939515e22adb298388d": "1b47061264138c4ac30d75fd1eb44270",
        "value": {
          "json-credentials": "eyJidWNrZXROYW1lIjoiZGF0YS1leHBvcnQtYnVja2V0LW5hbWUiLCJzZWNyZXROYW1lIjoiZGF0YS1leHBvcnQtYnVja2V0LXNhLWtleS1zZWNyZXQiLCJqc29uQ3JlZGVudGlhbHMiOiJkYXRhLWV4cG9ydC1idWNrZXQtc2Eta2V5LXNlY3JldC1jcmVkcyJ9"
        }
      },
      "kind": "Secret",
      "metadata": {
        "name": "cn-gcp-bucket-da-cn-devnet-da-cn-data-dumps",
        "namespace": "sv"
      },
      "type": "Opaque"
    },
    "name": "cn-app-sv-cn-gcp-bucket-da-cn-devnet-da-cn-data-dumps",
    "provider": "",
    "type": "kubernetes:core/v1:Secret"
  },
  {
    "custom": true,
    "id": "",
    "inputs": {
      "apiVersion": "v1",
      "data": {
        "4dabf18193072939515e22adb298388d": "1b47061264138c4ac30d75fd1eb44270",
        "value": {
          "private": "c3YtaWQtcHJpdmF0ZS1rZXk=",
          "public": "c3YtaWQtcHVibGljLWtleQ=="
        }
      },
      "kind": "Secret",
      "metadata": {
        "name": "splice-app-sv-key",
        "namespace": "sv"
      },
      "type": "Opaque"
    },
    "name": "cn-app-sv-key",
    "provider": "",
    "type": "kubernetes:core/v1:Secret"
  },
  {
    "custom": true,
    "id": "projects/test-project/global/networks/default",
    "inputs": {},
    "name": "default",
    "provider": "",
    "type": "gcp:compute/network:Network"
  },
  {
    "custom": true,
    "id": "",
    "inputs": {
      "enableServerSideApply": "true"
    },
    "name": "k8s-imgpull-cluster-ingress-default",
    "provider": "",
    "type": "pulumi:providers:kubernetes"
  },
  {
    "custom": true,
    "id": "",
    "inputs": {
      "enableServerSideApply": "true"
    },
    "name": "k8s-imgpull-sv-default",
    "provider": "",
    "type": "pulumi:providers:kubernetes"
  },
  {
    "custom": true,
    "id": "",
    "inputs": {
      "chart": "oci://ghcr.io/digital-asset/decentralized-canton-sync-dev/helm/splice-cluster-loopback-gateway",
      "compat": "true",
      "maxHistory": 10,
      "name": "loopback",
      "namespace": "sv",
      "timeout": 600,
      "values": {
        "affinity": {
          "nodeAffinity": {
            "requiredDuringSchedulingIgnoredDuringExecution": {
              "nodeSelectorTerms": [
                {
                  "matchExpressions": [
                    {
                      "key": "cn_apps",
                      "operator": "Exists"
                    }
                  ]
                }
              ]
            }
          }
        },
        "cluster": {
          "hostname": "mock.global.canton.network.digitalasset.com"
        },
        "cometbftPorts": {
          "domains": 5
        },
        "imageRepo": "us-central1-docker.pkg.dev/da-cn-shared/ghcr/digital-asset/decentralized-canton-sync-dev/docker",
        "tolerations": [
          {
            "effect": "NoSchedule",
            "key": "cn_apps",
            "operator": "Exists"
          }
        ]
      },
      "version": "0.3.20"
    },
    "name": "loopback",
    "provider": "",
    "type": "kubernetes:helm.sh/v3:Release"
  },
  {
    "custom": true,
    "id": "",
    "inputs": {
      "chart": "oci://ghcr.io/digital-asset/decentralized-canton-sync-dev/helm/splice-scan",
      "compat": "true",
      "maxHistory": 10,
      "name": "scan",
      "namespace": "sv",
      "timeout": 600,
      "values": {
        "affinity": {
          "nodeAffinity": {
            "requiredDuringSchedulingIgnoredDuringExecution": {
              "nodeSelectorTerms": [
                {
                  "matchExpressions": [
                    {
                      "key": "cn_apps",
                      "operator": "Exists"
                    }
                  ]
                }
              ]
            }
          }
        },
        "enablePostgresMetrics": true,
        "imageRepo": "us-central1-docker.pkg.dev/da-cn-shared/ghcr/digital-asset/decentralized-canton-sync-dev/docker",
        "metrics": {
          "enable": true
        },
        "migration": {
          "id": "3"
        },
        "participantAddress": "participant-3",
        "persistence": {
          "host": "apps-pg.sv.svc.cluster.local",
          "postgresName": "apps-pg",
          "secretName": "apps-pg-secret"
        },
        "sequencerAddress": "global-domain-3-sequencer",
        "spliceInstanceNames": {
          "amuletName": "Amulet",
          "amuletNameAcronym": "AMT",
          "nameServiceName": "Amulet Name Service",
          "nameServiceNameAcronym": "ANS",
          "networkFaviconUrl": "https://www.hyperledger.org/hubfs/hyperledgerfavicon.png",
          "networkName": "Splice"
        },
        "tolerations": [
          {
            "effect": "NoSchedule",
            "key": "cn_apps",
            "operator": "Exists"
          }
        ]
      },
      "version": "0.3.20"
    },
    "name": "scan",
    "provider": "",
    "type": "kubernetes:helm.sh/v3:Release"
  },
  {
    "custom": true,
    "id": "",
    "inputs": {
      "apiVersion": "v1",
      "kind": "Secret",
      "metadata": {
        "name": "splice-app-sv-ledger-api-auth",
        "namespace": "sv"
      },
      "stringData": {
        "4dabf18193072939515e22adb298388d": "1b47061264138c4ac30d75fd1eb44270",
        "value": {
          "audience": "https://ledger_api.example.com",
          "client-id": "sv-client-id",
          "client-secret": "***",
          "ledger-api-user": "sv-client-id@clients",
          "url": "https://canton-network-sv-test.us.auth0.com/.well-known/openid-configuration"
        }
      }
    },
    "name": "splice-auth0-secret-sv-sv",
    "provider": "",
    "type": "kubernetes:core/v1:Secret"
  },
  {
    "custom": true,
    "id": "",
    "inputs": {
      "apiVersion": "v1",
      "kind": "Secret",
      "metadata": {
        "name": "splice-app-validator-ledger-api-auth",
        "namespace": "sv"
      },
      "stringData": {
        "4dabf18193072939515e22adb298388d": "1b47061264138c4ac30d75fd1eb44270",
        "value": {
          "audience": "https://ledger_api.example.com",
          "client-id": "validator-client-id",
          "client-secret": "***",
          "ledger-api-user": "validator-client-id@clients",
          "url": "https://canton-network-sv-test.us.auth0.com/.well-known/openid-configuration"
        }
      }
    },
    "name": "splice-auth0-secret-sv-validator",
    "provider": "",
    "type": "kubernetes:core/v1:Secret"
  },
  {
    "custom": true,
    "id": "",
    "inputs": {
      "apiVersion": "v1",
      "kind": "Secret",
      "metadata": {
        "name": "splice-app-cns-ui-auth",
        "namespace": "sv"
      },
      "stringData": {
        "4dabf18193072939515e22adb298388d": "1b47061264138c4ac30d75fd1eb44270",
        "value": {
          "client-id": "cns-client-id",
          "url": "https://canton-network-sv-test.us.auth0.com"
        }
      }
    },
    "name": "splice-auth0-ui-secret-sv-cns",
    "provider": "",
    "type": "kubernetes:core/v1:Secret"
  },
  {
    "custom": true,
    "id": "",
    "inputs": {
      "apiVersion": "v1",
      "kind": "Secret",
      "metadata": {
        "name": "splice-app-sv-ui-auth",
        "namespace": "sv"
      },
      "stringData": {
        "4dabf18193072939515e22adb298388d": "1b47061264138c4ac30d75fd1eb44270",
        "value": {
          "client-id": "sv-client-id",
          "url": "https://canton-network-sv-test.us.auth0.com"
        }
      }
    },
    "name": "splice-auth0-ui-secret-sv-sv",
    "provider": "",
    "type": "kubernetes:core/v1:Secret"
  },
  {
    "custom": true,
    "id": "",
    "inputs": {
      "apiVersion": "v1",
      "kind": "Secret",
      "metadata": {
        "name": "splice-app-wallet-ui-auth",
        "namespace": "sv"
      },
      "stringData": {
        "4dabf18193072939515e22adb298388d": "1b47061264138c4ac30d75fd1eb44270",
        "value": {
          "client-id": "wallet-client-id",
          "url": "https://canton-network-sv-test.us.auth0.com"
        }
      }
    },
    "name": "splice-auth0-ui-secret-sv-wallet",
    "provider": "",
    "type": "kubernetes:core/v1:Secret"
  },
  {
    "custom": true,
    "id": "",
    "inputs": {
      "length": 16,
      "overrideSpecial": "_%@",
      "special": true
    },
    "name": "sv-apps-pg-passwd",
    "provider": "",
    "type": "random:index/randomPassword:RandomPassword"
  },
  {
    "custom": false,
    "id": "",
    "inputs": {},
    "name": "sv-apps-pg",
    "provider": "",
    "type": "canton:network:postgres"
  },
  {
    "custom": true,
    "id": "",
    "inputs": {
      "chart": "oci://ghcr.io/digital-asset/decentralized-canton-sync-dev/helm/splice-postgres",
      "compat": "true",
      "maxHistory": 10,
      "name": "apps-pg",
      "namespace": "sv",
      "timeout": 600,
      "values": {
        "affinity": {
          "nodeAffinity": {
            "requiredDuringSchedulingIgnoredDuringExecution": {
              "nodeSelectorTerms": [
                {
                  "matchExpressions": [
                    {
                      "key": "cn_apps",
                      "operator": "Exists"
                    }
                  ]
                }
              ]
            }
          }
        },
        "cluster": {
          "dnsName": "mock.global.canton.network.digitalasset.com",
          "fixedTokens": false,
          "hostname": "mock.global.canton.network.digitalasset.com",
          "name": "cn-mocknet"
        },
        "db": {
          "volumeSize": "48Gi"
        },
        "imageRepo": "us-central1-docker.pkg.dev/da-cn-shared/ghcr/digital-asset/decentralized-canton-sync-dev/docker",
        "persistence": {
          "secretName": "apps-pg-secret"
        },
        "tolerations": [
          {
            "effect": "NoSchedule",
            "key": "cn_apps",
            "operator": "Exists"
          }
        ]
      },
      "version": "0.3.20"
    },
    "name": "sv-apps-pg",
    "provider": "",
    "type": "kubernetes:helm.sh/v3:Release"
  },
  {
    "custom": true,
    "id": "",
    "inputs": {
      "chart": "oci://ghcr.io/digital-asset/decentralized-canton-sync-dev/helm/splice-sv-node",
      "compat": "true",
      "maxHistory": 10,
      "name": "sv-app",
      "namespace": "sv",
      "timeout": 600,
      "values": {
        "affinity": {
          "nodeAffinity": {
            "requiredDuringSchedulingIgnoredDuringExecution": {
              "nodeSelectorTerms": [
                {
                  "matchExpressions": [
                    {
                      "key": "cn_apps",
                      "operator": "Exists"
                    }
                  ]
                }
              ]
            }
          }
        },
        "approvedSvIdentities": [
          {
            "name": "Digital-Asset-2",
            "publicKey": "PUBKEY_0==",
            "rewardWeightBps": 100000
          },
          {
            "name": "SV1",
            "publicKey": "PUBLIC_KEY_1==",
            "rewardWeightBps": 1000000
          },
          {
            "extraBeneficiaries": [
              {
                "beneficiary": "mock-validator-1::123456789012345678901234567890123456789012234567890123456789012345678",
                "weight": "100000"
              },
              {
                "beneficiary": "Broadridge-validator-1::1220c89a73e7b47f16dfb48a521eeedfe2a8620ea1b19b815ab427388d9f5427faa5",
                "weight": "50000"
              }
            ],
            "name": "SV2",
            "publicKey": "PUBLIC_KEY_2==",
            "rewardWeightBps": 150000
          }
        ],
        "auth": {
          "audience": "https://sv.example.com/api",
          "jwksUrl": "https://canton-network-sv-test.us.auth0.com/.well-known/jwks.json"
        },
        "cometBFT": {
          "connectionUri": "http://global-domain-3-cometbft-cometbft-rpc:26657",
          "enabled": true
        },
        "contactPoint": "sv-support@digitalasset.com",
        "decentralizedSynchronizerUrl": "https://sequencer-3.sv-2.mock.global.canton.network.digitalasset.com",
        "disableOnboardingParticipantPromotionDelay": false,
        "domain": {
          "enableBftSequencer": false,
          "mediatorAddress": "global-domain-3-mediator",
          "sequencerAddress": "global-domain-3-sequencer",
          "sequencerAvailabilityDelay": "60 seconds",
          "sequencerPruningConfig": {
            "enabled": true,
            "pruningInterval": "1 hours",
            "retentionPeriod": "30 days"
          },
          "sequencerPublicUrl": "https://sequencer-3.sv.mock.global.canton.network.digitalasset.com"
        },
        "enablePostgresMetrics": true,
        "extraBeneficiaries": [
          {
            "beneficiary": "dummy::partyId",
            "weight": "3333"
          }
        ],
        "failOnAppVersionMismatch": true,
        "imageRepo": "us-central1-docker.pkg.dev/da-cn-shared/ghcr/digital-asset/decentralized-canton-sync-dev/docker",
        "initialAmuletPrice": "0.0517",
        "joinWithKeyOnboarding": {
          "sponsorApiUrl": "https://sv.sv-2.mock.global.canton.network.digitalasset.com"
        },
        "metrics": {
          "enable": true
        },
        "migration": {
          "id": "3"
        },
        "nodeIdentifier": "DA-Helm-Test-Node",
        "onboardingName": "DA-Helm-Test-Node",
        "participantAddress": "participant-3",
        "persistence": {
          "host": "apps-pg.sv.svc.cluster.local",
          "postgresName": "apps-pg",
          "secretName": "apps-pg-secret"
        },
        "scan": {
          "internalUrl": "http://scan-app.sv:5012",
          "publicUrl": "https://scan.sv.mock.global.canton.network.digitalasset.com"
        },
        "spliceInstanceNames": {
          "amuletName": "Amulet",
          "amuletNameAcronym": "AMT",
          "nameServiceName": "Amulet Name Service",
          "nameServiceNameAcronym": "ANS",
          "networkFaviconUrl": "https://www.hyperledger.org/hubfs/hyperledgerfavicon.png",
          "networkName": "Splice"
        },
        "tolerations": [
          {
            "effect": "NoSchedule",
            "key": "cn_apps",
            "operator": "Exists"
          }
        ]
      },
      "version": "0.3.20"
    },
    "name": "sv-app",
    "provider": "",
    "type": "kubernetes:helm.sh/v3:Release"
  },
  {
    "custom": true,
    "id": "",
    "inputs": {
      "apiVersion": "v1",
      "imagePullSecrets": [
        {
          "name": "docker-reg-cred"
        }
      ],
      "kind": "ServiceAccount",
      "metadata": {
        "name": "default",
        "namespace": "sv"
      }
    },
    "name": "sv-default",
    "provider": "urn:pulumi:test-stack::test-project::pulumi:providers:kubernetes::k8s-imgpull-sv-default::undefined_id",
    "type": "kubernetes:core/v1:ServiceAccountPatch"
  },
  {
    "custom": true,
    "id": "",
    "inputs": {
      "apiVersion": "v1",
      "kind": "Secret",
      "metadata": {
        "name": "docker-reg-cred",
        "namespace": "sv"
      },
      "stringData": {
        "4dabf18193072939515e22adb298388d": "1b47061264138c4ac30d75fd1eb44270",
        "value": {
          ".dockerconfigjson": "{\"auths\":{\"digitalasset-canton-network-docker.jfrog.io\":{\"auth\":\"YXJ0X3VzZXI6czNjcjN0\",\"username\":\"art_user\",\"password\":\"s3cr3t\"},\"digitalasset-canton-network-docker-dev.jfrog.io\":{\"auth\":\"YXJ0X3VzZXI6czNjcjN0\",\"username\":\"art_user\",\"password\":\"s3cr3t\"}}}"
        }
      },
      "type": "kubernetes.io/dockerconfigjson"
    },
    "name": "sv-docker-reg-cred",
    "provider": "",
    "type": "kubernetes:core/v1:Secret"
  },
  {
    "custom": true,
    "id": "",
    "inputs": {
      "apiVersion": "v1",
      "kind": "Namespace",
      "metadata": {
        "labels": {
          "istio-injection": "enabled"
        },
        "name": "sv"
      }
    },
    "name": "sv",
    "provider": "",
    "type": "kubernetes:core/v1:Namespace"
  },
  {
    "custom": true,
    "id": "",
    "inputs": {
      "chart": "oci://ghcr.io/digital-asset/decentralized-canton-sync-dev/helm/splice-validator",
      "compat": "true",
      "maxHistory": 10,
      "name": "validator",
      "namespace": "sv",
      "timeout": 600,
      "values": {
        "affinity": {
          "nodeAffinity": {
            "requiredDuringSchedulingIgnoredDuringExecution": {
              "nodeSelectorTerms": [
                {
                  "matchExpressions": [
                    {
                      "key": "cn_apps",
                      "operator": "Exists"
                    }
                  ]
                }
              ]
            }
          }
        },
        "auth": {
          "audience": "https://validator.example.com/api",
          "jwksUrl": "https://canton-network-sv-test.us.auth0.com/.well-known/jwks.json"
        },
        "contactPoint": "sv-support@digitalasset.com",
        "decentralizedSynchronizerUrl": "https://sequencer-3.sv-2.mock.global.canton.network.digitalasset.com",
        "enablePostgresMetrics": true,
        "enableWallet": true,
        "imageRepo": "us-central1-docker.pkg.dev/da-cn-shared/ghcr/digital-asset/decentralized-canton-sync-dev/docker",
        "metrics": {
          "enable": true
        },
        "migration": {
          "id": "3"
        },
        "nodeIdentifier": "DA-Helm-Test-Node",
        "participantAddress": "participant-3",
        "participantIdentitiesDumpPeriodicBackup": {
          "backupInterval": "10m",
          "location": {
            "bucket": {
              "bucketName": "da-cn-data-dumps",
              "jsonCredentials": "{\"bucketName\":\"data-export-bucket-name\",\"secretName\":\"data-export-bucket-sa-key-secret\",\"jsonCredentials\":\"data-export-bucket-sa-key-secret-creds\"}",
              "projectId": "da-cn-devnet",
              "secretName": "cn-gcp-bucket-da-cn-devnet-da-cn-data-dumps"
            },
            "prefix": "mock/sv"
          }
        },
        "persistence": {
          "host": "apps-pg.sv.svc.cluster.local",
          "postgresName": "apps-pg",
          "secretName": "apps-pg-secret"
        },
        "scanAddress": "http://scan-app.sv:5012",
        "spliceInstanceNames": {
          "amuletName": "Amulet",
          "amuletNameAcronym": "AMT",
          "nameServiceName": "Amulet Name Service",
          "nameServiceNameAcronym": "ANS",
          "networkFaviconUrl": "https://www.hyperledger.org/hubfs/hyperledgerfavicon.png",
          "networkName": "Splice"
        },
        "svValidator": true,
        "tolerations": [
          {
            "effect": "NoSchedule",
            "key": "cn_apps",
            "operator": "Exists"
          }
        ],
        "topup": {
          "enabled": true,
          "minTopupInterval": "1m",
          "targetThroughput": 0
        },
        "useSequencerConnectionsFromScan": false,
        "validatorWalletUsers": [
          "google-oauth2|1234567890",
          "auth0|64553aa683015a9687d9cc2e"
        ]
      },
      "version": "0.3.20"
    },
    "name": "validator",
    "provider": "",
    "type": "kubernetes:helm.sh/v3:Release"
  }
]
