[
  {
    "custom": true,
    "id": "",
    "inputs": {
      "condition": {
        "description": "(managed by Pulumi)",
        "expression": "resource.type == \"cloudkms.googleapis.com/CryptoKey\" &&\n            resource.name.startsWith(\"projects/'da-cn-devnet'/locations/'europe-west6'/keyRings/pulumi\")",
        "title": "Pulumi KMS"
      },
      "member": "serviceAccount:mock-sa@somewhere.mockoogle.com",
      "project": "project-id",
      "role": "roles/cloudkms.cryptoKeyEncrypterDecrypter"
    },
    "name": "authorized-sa-roles/cloudkms.cryptoKeyEncrypterDecrypter-pulumi-kms-iam",
    "provider": "",
    "type": "gcp:projects/iAMMember:IAMMember"
  },
  {
    "custom": true,
    "id": "",
    "inputs": {
      "member": "serviceAccount:mock-sa@somewhere.mockoogle.com",
      "project": "project-id",
      "role": "roles/cloudsql.admin"
    },
    "name": "authorized-sa-roles/cloudsql.admin-iam",
    "provider": "",
    "type": "gcp:projects/iAMMember:IAMMember"
  },
  {
    "custom": true,
    "id": "",
    "inputs": {
      "member": "serviceAccount:mock-sa@somewhere.mockoogle.com",
      "project": "project-id",
      "role": "roles/compute.viewer"
    },
    "name": "authorized-sa-roles/compute.viewer-iam",
    "provider": "",
    "type": "gcp:projects/iAMMember:IAMMember"
  },
  {
    "custom": true,
    "id": "",
    "inputs": {
      "member": "serviceAccount:mock-sa@somewhere.mockoogle.com",
      "project": "project-id",
      "role": "roles/container.serviceAgent"
    },
    "name": "authorized-sa-roles/container.serviceAgent-iam",
    "provider": "",
    "type": "gcp:projects/iAMMember:IAMMember"
  },
  {
    "custom": true,
    "id": "",
    "inputs": {
      "member": "serviceAccount:mock-sa@somewhere.mockoogle.com",
      "project": "project-id",
      "role": "roles/logging.privateLogViewer"
    },
    "name": "authorized-sa-roles/logging.privateLogViewer-iam",
    "provider": "",
    "type": "gcp:projects/iAMMember:IAMMember"
  },
  {
    "custom": true,
    "id": "",
    "inputs": {
      "condition": {
        "description": "(managed by Pulumi)",
        "expression": "\n          resource.name.endsWith(\"-cometbft-keys/versions/latest\")\n          ",
        "title": "CometBft keys"
      },
      "member": "serviceAccount:mock-sa@somewhere.mockoogle.com",
      "project": "project-id",
      "role": "roles/secretmanager.secretAccessor"
    },
    "name": "authorized-sa-roles/secretmanager.secretAccessor-cometbft-keys-iam",
    "provider": "",
    "type": "gcp:projects/iAMMember:IAMMember"
  },
  {
    "custom": true,
    "id": "",
    "inputs": {
      "condition": {
        "description": "(managed by Pulumi)",
        "expression": "\n          resource.name.endsWith(\"grafana-keys/versions/latest\")\n          ",
        "title": "Grafana keys"
      },
      "member": "serviceAccount:mock-sa@somewhere.mockoogle.com",
      "project": "project-id",
      "role": "roles/secretmanager.secretAccessor"
    },
    "name": "authorized-sa-roles/secretmanager.secretAccessor-grafana-keys-iam",
    "provider": "",
    "type": "gcp:projects/iAMMember:IAMMember"
  },
  {
    "custom": true,
    "id": "",
    "inputs": {
      "condition": {
        "description": "(managed by Pulumi)",
        "expression": "resource.name.endsWith(\"secrets/gcp-bucket-sa-key-secret/versions/1\")",
        "title": "SA key secret"
      },
      "member": "serviceAccount:mock-sa@somewhere.mockoogle.com",
      "project": "project-id",
      "role": "roles/secretmanager.secretAccessor"
    },
    "name": "authorized-sa-roles/secretmanager.secretAccessor-sa-key-secret-iam",
    "provider": "",
    "type": "gcp:projects/iAMMember:IAMMember"
  },
  {
    "custom": true,
    "id": "",
    "inputs": {
      "condition": {
        "description": "(managed by Pulumi)",
        "expression": "\n          resource.name.endsWith(\"-id/versions/latest\")\n          ",
        "title": "SV IDs"
      },
      "member": "serviceAccount:mock-sa@somewhere.mockoogle.com",
      "project": "project-id",
      "role": "roles/secretmanager.secretAccessor"
    },
    "name": "authorized-sa-roles/secretmanager.secretAccessor-sv-ids-iam",
    "provider": "",
    "type": "gcp:projects/iAMMember:IAMMember"
  },
  {
    "custom": true,
    "id": "",
    "inputs": {
      "member": "serviceAccount:mock-sa@somewhere.mockoogle.com",
      "project": "project-id",
      "role": "roles/storage.objectAdmin"
    },
    "name": "authorized-sa-roles/storage.objectAdmin-iam",
    "provider": "",
    "type": "gcp:projects/iAMMember:IAMMember"
  },
  {
    "custom": true,
    "id": "",
    "inputs": {
      "member": "serviceAccount:mock-sa@somewhere.mockoogle.com",
      "project": "project-id",
      "role": "roles/viewer"
    },
    "name": "authorized-sa-roles/viewer-iam",
    "provider": "",
    "type": "gcp:projects/iAMMember:IAMMember"
  },
  {
    "custom": false,
    "id": "",
    "inputs": {},
    "name": "gcp-project",
    "provider": "",
    "type": "cn:gcp:project"
  },
  {
    "custom": true,
    "id": "",
    "inputs": {
      "secret": "undefined_id",
      "secretData": {
        "4dabf18193072939515e22adb298388d": "1b47061264138c4ac30d75fd1eb44270",
        "value": "[\"1.1.1.1\",\"2.2.2.2\",\"1.3.3.7\"]"
      }
    },
    "name": "internal-whitelists-version",
    "provider": "",
    "type": "gcp:secretmanager/secretVersion:SecretVersion"
  },
  {
    "custom": true,
    "id": "",
    "inputs": {
      "replication": {
        "auto": {}
      },
      "secretId": "pulumi-internal-whitelists"
    },
    "name": "internal-whitelists",
    "provider": "",
    "type": "gcp:secretmanager/secret:Secret"
  },
  {
    "custom": true,
    "id": "",
    "inputs": {
      "secret": "undefined_id",
      "secretData": {
        "4dabf18193072939515e22adb298388d": "1b47061264138c4ac30d75fd1eb44270",
        "value": "lets-encrypt@mock.com"
      }
    },
    "name": "lets-encrypt-email-version",
    "provider": "",
    "type": "gcp:secretmanager/secretVersion:SecretVersion"
  },
  {
    "custom": true,
    "id": "",
    "inputs": {
      "replication": {
        "auto": {}
      },
      "secretId": "pulumi-lets-encrypt-email"
    },
    "name": "lets-encrypt-email",
    "provider": "",
    "type": "gcp:secretmanager/secret:Secret"
  },
  {
    "custom": true,
    "id": "",
    "inputs": {
      "project": "project-id",
      "region": "europe-west6"
    },
    "name": "provider-project-id",
    "provider": "",
    "type": "pulumi:providers:gcp"
  },
  {
    "custom": true,
    "id": "",
    "inputs": {
      "secret": "undefined_id",
      "secretData": {
        "4dabf18193072939515e22adb298388d": "1b47061264138c4ac30d75fd1eb44270",
        "value": "[\n  {\n    \"user_id\": \"dev-mock-1\",\n    \"email\": \"dev-mock-1@mock.com\",\n    \"created_at\": \"2025-04-01T00:00:01.000Z\"\n  },\n  {\n    \"user_id\": \"dev-mock-2\",\n    \"email\": \"dev-mock-2@mock.com\",\n    \"created_at\": \"2025-04-01T00:00:02.000Z\"\n  },\n  {\n    \"user_id\": \"dev-mock-3\",\n    \"email\": \"dev-mock-3@mock.com\",\n    \"created_at\": \"2025-04-01T00:00:03.000Z\"\n  }\n]\n"
      }
    },
    "name": "user-configs-canton-network-dev-version",
    "provider": "",
    "type": "gcp:secretmanager/secretVersion:SecretVersion"
  },
  {
    "custom": true,
    "id": "",
    "inputs": {
      "replication": {
        "auto": {}
      },
      "secretId": "pulumi-user-configs-canton-network-dev"
    },
    "name": "user-configs-canton-network-dev",
    "provider": "",
    "type": "gcp:secretmanager/secret:Secret"
  },
  {
    "custom": true,
    "id": "",
    "inputs": {
      "secret": "undefined_id",
      "secretData": {
        "4dabf18193072939515e22adb298388d": "1b47061264138c4ac30d75fd1eb44270",
        "value": "[\n  {\n    \"user_id\": \"sv-test-mock-1\",\n    \"email\": \"sv-test-mock-1@mock.com\",\n    \"created_at\": \"2025-04-01T00:00:01.000Z\"\n  },\n  {\n    \"user_id\": \"sv-test-mock-2\",\n    \"email\": \"sv-test-mock-2@mock.com\",\n    \"created_at\": \"2025-04-01T00:00:02.000Z\"\n  },\n  {\n    \"user_id\": \"sv-test-mock-3\",\n    \"email\": \"sv-test-mock-3@mock.com\",\n    \"created_at\": \"2025-04-01T00:00:03.000Z\"\n  }\n]\n"
      }
    },
    "name": "user-configs-canton-network-sv-test-version",
    "provider": "",
    "type": "gcp:secretmanager/secretVersion:SecretVersion"
  },
  {
    "custom": true,
    "id": "",
    "inputs": {
      "replication": {
        "auto": {}
      },
      "secretId": "pulumi-user-configs-canton-network-sv-test"
    },
    "name": "user-configs-canton-network-sv-test",
    "provider": "",
    "type": "gcp:secretmanager/secret:Secret"
  }
]
