{
  "nextOffset": 8,
  "transactions": [
    {
      "updateId": "update-4",
      "offset": 4,
      "recordTime": "1970-01-01T00:00:04Z",
      "synchronizerId": "sync::normalized",
      "events": [
        {
          "type": "BurnMint",
          "input": {
            "sender": "validator::normalized",
            "inputHoldings": [
              {
                "14": {
                  "amount": "199877.3600000000"
                }
              }
            ],
            "instrumentId": {
              "admin": "dso::normalized",
              "id": "Amulet"
            },
            "extraArgs": {
              "context": {
                "values": [
                  [
                    "open-round",
                    {
                      "tag": "AV_ContractId",
                      "value": "8"
                    }
                  ]
                ]
              },
              "meta": {
                "values": [
                  [
                    "splice.lfdecentralizedtrust.org/reason",
                    "transfer"
                  ]
                ]
              }
            }
          },
          "output": {
            "outputHoldings": [
              {
                "15": {
                  "amount": "200.0000000000",
                  "context": {
                    "values": []
                  },
                  "owner": "party::normalized"
                }
              },
              {
                "16": {
                  "amount": "199663.3600000000",
                  "context": {
                    "values": []
                  },
                  "owner": "validator::normalized"
                }
              }
            ]
          }
        }
      ]
    },
    {
      "updateId": "update-5",
      "offset": 5,
      "recordTime": "1970-01-01T00:00:05Z",
      "synchronizerId": "sync::normalized",
      "events": [
        {
          "type": "Transfer",
          "status": "Completed",
          "input": {
            "sender": "party::normalized",
            "receiver": "validator::normalized",
            "amount": "100.0000000000",
            "instrumentId": {
              "admin": "dso::normalized",
              "id": "Amulet"
            },
            "senderHoldings": [
              "15"
            ],
            "meta": {
              "values": []
            },
            "extraArgs": {
              "context": {
                "values": [
                  [
                    "amulet-rules",
                    {
                      "tag": "AV_ContractId",
                      "value": "1"
                    }
                  ],
                  [
                    "open-round",
                    {
                      "tag": "AV_ContractId",
                      "value": "8"
                    }
                  ],
                  [
                    "transfer-preapproval",
                    {
                      "tag": "AV_ContractId",
                      "value": "20"
                    }
                  ]
                ]
              },
              "meta": {
                "values": []
              }
            }
          },
          "output": {
            "receiverHoldingCids": [
              "0"
            ],
            "senderHoldingCids": [
              "21"
            ],
            "meta": {
              "values": []
            }
          }
        }
      ]
    },
    {
      "updateId": "update-6",
      "offset": 6,
      "recordTime": "1970-01-01T00:00:06Z",
      "synchronizerId": "sync::normalized",
      "events": [
        {
          "type": "BurnMint",
          "input": {
            "sender": "party::normalized",
            "inputHoldings": [],
            "instrumentId": {
              "admin": "dso::normalized",
              "id": "Amulet"
            },
            "extraArgs": {
              "context": {
                "values": [
                  [
                    "open-round",
                    {
                      "tag": "AV_ContractId",
                      "value": "8"
                    }
                  ]
                ]
              },
              "meta": {
                "values": [
                  [
                    "splice.lfdecentralizedtrust.org/reason",
                    "tap"
                  ]
                ]
              }
            }
          },
          "output": {
            "outputHoldings": [
              {
                "2": {
                  "amount": "20000.0000000000",
                  "context": {
                    "values": []
                  },
                  "owner": "party::normalized"
                }
              }
            ]
          }
        }
      ]
    },
    {
      "updateId": "update-7",
      "offset": 7,
      "recordTime": "1970-01-01T00:00:07Z",
      "synchronizerId": "sync::normalized",
      "events": [
        {
          "type": "Created",
          "parentChoice": "raw API",
          "contractId": "3",
          "payload": {
            "interfaceId": "90b5a678eb4f42d4eb805140797952732e6289772cd0a3d23db515cd96f8ac96:Splice.Api.Token.HoldingV1:Holding",
            "viewValue": {
              "amount": "30.0000000000",
              "instrumentId": {
                "admin": "party::normalized",
                "id": "DummyHolding"
              },
              "lock": null,
              "meta": {
                "values": [
                  [
                    "test",
                    "test"
                  ]
                ]
              },
              "owner": "party::normalized"
            }
          },
          "offset": 7,
          "templateId": "2dfcfe011601bddb2155e59476bb5ff3c6f68e578aef54e28706d2fbec2837be:Splice.Api.Token.Test.DummyHolding:DummyHolding",
          "packageName": "splice-api-token-sample-holding"
        }
      ]
    },
    {
      "updateId": "update-8",
      "offset": 8,
      "recordTime": "1970-01-01T00:00:08Z",
      "synchronizerId": "sync::normalized",
      "events": [
        {
          "type": "Created",
          "parentChoice": "raw API",
          "contractId": "4",
          "payload": {
            "interfaceId": "90b5a678eb4f42d4eb805140797952732e6289772cd0a3d23db515cd96f8ac96:Splice.Api.Token.HoldingV1:Holding",
            "viewValue": {
              "amount": "40.0000000000",
              "instrumentId": {
                "admin": "party::normalized",
                "id": "DummyHolding"
              },
              "lock": null,
              "meta": {
                "values": [
                  [
                    "test",
                    "test"
                  ]
                ]
              },
              "owner": "party::normalized"
            }
          },
          "offset": 8,
          "templateId": "2dfcfe011601bddb2155e59476bb5ff3c6f68e578aef54e28706d2fbec2837be:Splice.Api.Token.Test.DummyHolding:DummyHolding",
          "packageName": "splice-api-token-sample-holding"
        }
      ]
    }
  ]
}