[
  {
    "custom": true,
    "id": "",
    "inputs": {
      "apiVersion": "v1",
      "data": {
        "4dabf18193072939515e22adb298388d": "1b47061264138c4ac30d75fd1eb44270",
        "value": {
          "postgresPassword": ""
        }
      },
      "kind": "Secret",
      "metadata": {
        "name": "cn-apps-pg-secrets",
        "namespace": "sv-1"
      },
      "type": "Opaque"
    },
    "name": "cn-app-sv-1-cn-apps-pg-secrets",
    "provider": "",
    "type": "kubernetes:core/v1:Secret"
  },
  {
    "custom": true,
    "id": "",
    "inputs": {
      "apiVersion": "v1",
      "data": {
        "4dabf18193072939515e22adb298388d": "1b47061264138c4ac30d75fd1eb44270",
        "value": {
          "json-credentials": "eyJidWNrZXROYW1lIjoiZGF0YS1leHBvcnQtYnVja2V0LW5hbWUiLCJzZWNyZXROYW1lIjoiZGF0YS1leHBvcnQtYnVja2V0LXNhLWtleS1zZWNyZXQiLCJqc29uQ3JlZGVudGlhbHMiOiJkYXRhLWV4cG9ydC1idWNrZXQtc2Eta2V5LXNlY3JldC1jcmVkcyJ9"
        }
      },
      "kind": "Secret",
      "metadata": {
        "name": "cn-gcp-bucket-da-cn-devnet-da-cn-data-dumps",
        "namespace": "sv-1"
      },
      "type": "Opaque"
    },
    "name": "cn-app-sv-1-cn-gcp-bucket-da-cn-devnet-da-cn-data-dumps",
    "provider": "",
    "type": "kubernetes:core/v1:Secret"
  },
  {
    "custom": true,
    "id": "projects/test-project/global/networks/default",
    "inputs": {},
    "name": "default",
    "provider": "",
    "type": "gcp:compute/network:Network"
  },
  {
    "custom": true,
    "id": "",
    "inputs": {
      "apiVersion": "v1",
      "imagePullSecrets": [
        {
          "name": "docker-reg-cred"
        }
      ],
      "kind": "ServiceAccount",
      "metadata": {
        "name": "default",
        "namespace": "docs"
      }
    },
    "name": "docs-default",
    "provider": "urn:pulumi:test-stack::test-project::pulumi:providers:kubernetes::k8s-imgpull-docs-default::undefined_id",
    "type": "kubernetes:core/v1:ServiceAccountPatch"
  },
  {
    "custom": true,
    "id": "",
    "inputs": {
      "apiVersion": "v1",
      "kind": "Secret",
      "metadata": {
        "name": "docker-reg-cred",
        "namespace": "docs"
      },
      "stringData": {
        "4dabf18193072939515e22adb298388d": "1b47061264138c4ac30d75fd1eb44270",
        "value": {
          ".dockerconfigjson": "{\"auths\":{\"digitalasset-canton-enterprise-docker.jfrog.io\":{\"auth\":\"YXJ0X3VzZXI6czNjcjN0\",\"username\":\"art_user\",\"password\":\"s3cr3t\"},\"digitalasset-canton-network-docker.jfrog.io\":{\"auth\":\"YXJ0X3VzZXI6czNjcjN0\",\"username\":\"art_user\",\"password\":\"s3cr3t\"},\"digitalasset-canton-network-docker-dev.jfrog.io\":{\"auth\":\"YXJ0X3VzZXI6czNjcjN0\",\"username\":\"art_user\",\"password\":\"s3cr3t\"},\"us-central1-docker.pkg.dev\":{\"auth\":\"X2pzb25fa2V5OnsidHlwZSI6InNlcnZpY2VfYWNjb3VudCIsInByb2plY3RfaWQiOiJmYWtlLXByb2plY3QiLCJwcml2YXRlX2tleV9pZCI6ImZha2VfaWQiLCJwcml2YXRlX2tleSI6Ii0tLS0tQkVHSU4gUFJJVkFURSBLRVktLS0tLVxuZmFrZVxuLS0tLS1FTkQgUFJJVkFURSBLRVktLS0tLVxuIiwiY2xpZW50X2VtYWlsIjoiZmFrZUBmYWtlLXByb2plY3QuaWFtLmdzZXJ2aWNlYWNjb3VudC5jb20iLCJjbGllbnRfaWQiOiJmYWtlLWNsaWVudC1pZCIsImF1dGhfdXJpIjoiaHR0cHM6Ly9hY2NvdW50cy5nb29nbGUuY29tL28vb2F1dGgyL2F1dGgiLCJ0b2tlbl91cmkiOiJodHRwczovL29hdXRoMi5nb29nbGVhcGlzLmNvbS90b2tlbiIsImF1dGhfcHJvdmlkZXJfeDUwOV9jZXJ0X3VybCI6Imh0dHBzOi8vd3d3Lmdvb2dsZWFwaXMuY29tL29hdXRoMi92MS9jZXJ0cyIsImNsaWVudF94NTA5X2NlcnRfdXJsIjoiaHR0cHM6Ly93d3cuZ29vZ2xlYXBpcy5jb20vcm9ib3QvdjEvbWV0YWRhdGEveDUwOS9mYWtlJTQwZmFrZS1wcm9qZWN0LmlhbS5nc2VydmljZWFjY291bnQuY29tIiwidW5pdmVyc2VfZG9tYWluIjoiZ29vZ2xlYXBpcy5jb20ifQ==\",\"username\":\"_json_key\",\"password\":\"{\\\"type\\\":\\\"service_account\\\",\\\"project_id\\\":\\\"fake-project\\\",\\\"private_key_id\\\":\\\"fake_id\\\",\\\"private_key\\\":\\\"-----BEGIN PRIVATE KEY-----\\\\nfake\\\\n-----END PRIVATE KEY-----\\\\n\\\",\\\"client_email\\\":\\\"fake@fake-project.iam.gserviceaccount.com\\\",\\\"client_id\\\":\\\"fake-client-id\\\",\\\"auth_uri\\\":\\\"https://accounts.google.com/o/oauth2/auth\\\",\\\"token_uri\\\":\\\"https://oauth2.googleapis.com/token\\\",\\\"auth_provider_x509_cert_url\\\":\\\"https://www.googleapis.com/oauth2/v1/certs\\\",\\\"client_x509_cert_url\\\":\\\"https://www.googleapis.com/robot/v1/metadata/x509/fake%40fake-project.iam.gserviceaccount.com\\\",\\\"universe_domain\\\":\\\"googleapis.com\\\"}\"}}}"
        }
      },
      "type": "kubernetes.io/dockerconfigjson"
    },
    "name": "docs-docker-reg-cred",
    "provider": "",
    "type": "kubernetes:core/v1:Secret"
  },
  {
    "custom": true,
    "id": "",
    "inputs": {
      "chart": "oci://ghcr.io/digital-asset/decentralized-canton-sync-dev/helm/cn-docs",
      "compat": "true",
      "maxHistory": 10,
      "name": "docs",
      "namespace": "docs",
      "timeout": 600,
      "values": {
        "affinity": {
          "nodeAffinity": {
            "requiredDuringSchedulingIgnoredDuringExecution": {
              "nodeSelectorTerms": [
                {
                  "matchExpressions": [
                    {
                      "key": "cn_apps",
                      "operator": "Exists"
                    }
                  ]
                }
              ]
            }
          }
        },
        "cluster": {
          "dnsName": "mock.global.canton.network.digitalasset.com",
          "fixedTokens": false,
          "hostname": "mock.global.canton.network.digitalasset.com",
          "name": "cn-mocknet"
        },
        "enableGcsProxy": true,
        "imageRepo": "us-central1-docker.pkg.dev/da-cn-shared/ghcr/digital-asset/decentralized-canton-sync-dev/docker",
        "networkName": "mock",
        "tolerations": [
          {
            "effect": "NoSchedule",
            "key": "cn_apps",
            "operator": "Exists"
          }
        ]
      },
      "version": "0.3.20"
    },
    "name": "docs-docs",
    "provider": "",
    "type": "kubernetes:helm.sh/v3:Release"
  },
  {
    "custom": true,
    "id": "",
    "inputs": {
      "apiVersion": "v1",
      "kind": "Namespace",
      "metadata": {
        "labels": {},
        "name": "docs"
      }
    },
    "name": "docs",
    "provider": "",
    "type": "kubernetes:core/v1:Namespace"
  },
  {
    "custom": false,
    "id": "",
    "inputs": {},
    "name": "dso",
    "provider": "",
    "type": "canton:network:dso"
  },
  {
    "custom": true,
    "id": "",
    "inputs": {
      "enableServerSideApply": "true"
    },
    "name": "k8s-imgpull-docs-default",
    "provider": "",
    "type": "pulumi:providers:kubernetes"
  },
  {
    "custom": true,
    "id": "",
    "inputs": {
      "enableServerSideApply": "true"
    },
    "name": "k8s-imgpull-sv-1-default",
    "provider": "",
    "type": "pulumi:providers:kubernetes"
  },
  {
    "custom": true,
    "id": "",
    "inputs": {
      "apiVersion": "v1",
      "data": {
        "4dabf18193072939515e22adb298388d": "1b47061264138c4ac30d75fd1eb44270",
        "value": {
          "secret": "c3BsaXR3ZWxsc2VjcmV0Mg=="
        }
      },
      "kind": "Secret",
      "metadata": {
        "name": "splice-app-validator-onboarding-splitwell2",
        "namespace": "sv-1"
      },
      "type": "Opaque"
    },
    "name": "splice-app-sv-1-validator-onboarding-splitwell2",
    "provider": "",
    "type": "kubernetes:core/v1:Secret"
  },
  {
    "custom": true,
    "id": "",
    "inputs": {
      "apiVersion": "v1",
      "data": {
        "4dabf18193072939515e22adb298388d": "1b47061264138c4ac30d75fd1eb44270",
        "value": {
          "secret": "dmFsaWRhdG9yMXNlY3JldDI="
        }
      },
      "kind": "Secret",
      "metadata": {
        "name": "splice-app-validator-onboarding-validator12",
        "namespace": "sv-1"
      },
      "type": "Opaque"
    },
    "name": "splice-app-sv-1-validator-onboarding-validator12",
    "provider": "",
    "type": "kubernetes:core/v1:Secret"
  },
  {
    "custom": true,
    "id": "",
    "inputs": {
      "apiVersion": "v1",
      "kind": "Secret",
      "metadata": {
        "name": "splice-app-sv-ledger-api-auth",
        "namespace": "sv-1"
      },
      "stringData": {
        "4dabf18193072939515e22adb298388d": "1b47061264138c4ac30d75fd1eb44270",
        "value": {
          "audience": "https://canton.network.global",
          "client-id": "sv-1-client-id",
          "client-secret": "***",
          "ledger-api-user": "sv-1-client-id@clients",
          "url": "https://canton-network-dev.us.auth0.com/.well-known/openid-configuration"
        }
      }
    },
    "name": "splice-auth0-secret-sv-1-sv-1",
    "provider": "",
    "type": "kubernetes:core/v1:Secret"
  },
  {
    "custom": true,
    "id": "",
    "inputs": {
      "apiVersion": "v1",
      "kind": "Secret",
      "metadata": {
        "name": "splice-app-validator-ledger-api-auth",
        "namespace": "sv-1"
      },
      "stringData": {
        "4dabf18193072939515e22adb298388d": "1b47061264138c4ac30d75fd1eb44270",
        "value": {
          "audience": "https://canton.network.global",
          "client-id": "sv1-validator-client-id",
          "client-secret": "***",
          "ledger-api-user": "sv1-validator-client-id@clients",
          "url": "https://canton-network-dev.us.auth0.com/.well-known/openid-configuration"
        }
      }
    },
    "name": "splice-auth0-secret-sv-1-sv1_validator",
    "provider": "",
    "type": "kubernetes:core/v1:Secret"
  },
  {
    "custom": true,
    "id": "",
    "inputs": {
      "apiVersion": "v1",
      "kind": "Secret",
      "metadata": {
        "name": "splice-app-cns-ui-auth",
        "namespace": "sv-1"
      },
      "stringData": {
        "4dabf18193072939515e22adb298388d": "1b47061264138c4ac30d75fd1eb44270",
        "value": {
          "client-id": "sv-1-cns-ui-client-id",
          "url": "https://canton-network-dev.us.auth0.com"
        }
      }
    },
    "name": "splice-auth0-ui-secret-sv-1-cns",
    "provider": "",
    "type": "kubernetes:core/v1:Secret"
  },
  {
    "custom": true,
    "id": "",
    "inputs": {
      "apiVersion": "v1",
      "kind": "Secret",
      "metadata": {
        "name": "splice-app-sv-ui-auth",
        "namespace": "sv-1"
      },
      "stringData": {
        "4dabf18193072939515e22adb298388d": "1b47061264138c4ac30d75fd1eb44270",
        "value": {
          "client-id": "sv-1-sv-ui-client-id",
          "url": "https://canton-network-dev.us.auth0.com"
        }
      }
    },
    "name": "splice-auth0-ui-secret-sv-1-sv-1",
    "provider": "",
    "type": "kubernetes:core/v1:Secret"
  },
  {
    "custom": true,
    "id": "",
    "inputs": {
      "apiVersion": "v1",
      "kind": "Secret",
      "metadata": {
        "name": "splice-app-wallet-ui-auth",
        "namespace": "sv-1"
      },
      "stringData": {
        "4dabf18193072939515e22adb298388d": "1b47061264138c4ac30d75fd1eb44270",
        "value": {
          "client-id": "sv-1-wallet-ui-client-id",
          "url": "https://canton-network-dev.us.auth0.com"
        }
      }
    },
    "name": "splice-auth0-ui-secret-sv-1-wallet",
    "provider": "",
    "type": "kubernetes:core/v1:Secret"
  },
  {
    "custom": true,
    "id": "",
    "inputs": {
      "length": 16,
      "overrideSpecial": "_%@",
      "special": true
    },
    "name": "sv-1-cn-apps-pg-passwd",
    "provider": "",
    "type": "random:index/randomPassword:RandomPassword"
  },
  {
    "custom": false,
    "id": "",
    "inputs": {},
    "name": "sv-1-cn-apps-pg",
    "provider": "",
    "type": "canton:cloud:postgres"
  },
  {
    "custom": true,
    "id": "",
    "inputs": {
      "databaseVersion": "POSTGRES_14",
      "deletionProtection": true,
      "region": "europe-west6",
      "settings": {
        "activationPolicy": "ALWAYS",
        "backupConfiguration": {
          "enabled": true,
          "pointInTimeRecoveryEnabled": true
        },
        "databaseFlags": [
          {
            "name": "temp_file_limit",
            "value": "2147483647"
          }
        ],
        "deletionProtectionEnabled": true,
        "edition": "ENTERPRISE",
        "insightsConfig": {
          "queryInsightsEnabled": true
        },
        "ipConfiguration": {
          "enablePrivatePathForGoogleCloudServices": true,
          "ipv4Enabled": false,
          "privateNetwork": "projects/test-project/global/networks/default"
        },
        "locationPreference": {
          "zone": "europe-west6-a"
        },
        "maintenanceWindow": {
          "day": 2,
          "hour": 8
        },
        "tier": "db-custom-2-7680",
        "userLabels": {
          "cluster": "mock"
        }
      }
    },
    "name": "sv-1-cn-apps-pg",
    "provider": "",
    "type": "gcp:sql/databaseInstance:DatabaseInstance"
  },
  {
    "custom": true,
    "id": "",
    "inputs": {
      "name": "cantonnet"
    },
    "name": "sv-1-db-cn-apps-pg-cantonnet",
    "provider": "",
    "type": "gcp:sql/database:Database"
  },
  {
    "custom": true,
    "id": "",
    "inputs": {
      "apiVersion": "v1",
      "imagePullSecrets": [
        {
          "name": "docker-reg-cred"
        }
      ],
      "kind": "ServiceAccount",
      "metadata": {
        "name": "default",
        "namespace": "sv-1"
      }
    },
    "name": "sv-1-default",
    "provider": "urn:pulumi:test-stack::test-project::pulumi:providers:kubernetes::k8s-imgpull-sv-1-default::undefined_id",
    "type": "kubernetes:core/v1:ServiceAccountPatch"
  },
  {
    "custom": true,
    "id": "",
    "inputs": {
      "apiVersion": "v1",
      "kind": "Secret",
      "metadata": {
        "name": "docker-reg-cred",
        "namespace": "sv-1"
      },
      "stringData": {
        "4dabf18193072939515e22adb298388d": "1b47061264138c4ac30d75fd1eb44270",
        "value": {
          ".dockerconfigjson": "{\"auths\":{\"digitalasset-canton-enterprise-docker.jfrog.io\":{\"auth\":\"YXJ0X3VzZXI6czNjcjN0\",\"username\":\"art_user\",\"password\":\"s3cr3t\"},\"digitalasset-canton-network-docker.jfrog.io\":{\"auth\":\"YXJ0X3VzZXI6czNjcjN0\",\"username\":\"art_user\",\"password\":\"s3cr3t\"},\"digitalasset-canton-network-docker-dev.jfrog.io\":{\"auth\":\"YXJ0X3VzZXI6czNjcjN0\",\"username\":\"art_user\",\"password\":\"s3cr3t\"},\"us-central1-docker.pkg.dev\":{\"auth\":\"X2pzb25fa2V5OnsidHlwZSI6InNlcnZpY2VfYWNjb3VudCIsInByb2plY3RfaWQiOiJmYWtlLXByb2plY3QiLCJwcml2YXRlX2tleV9pZCI6ImZha2VfaWQiLCJwcml2YXRlX2tleSI6Ii0tLS0tQkVHSU4gUFJJVkFURSBLRVktLS0tLVxuZmFrZVxuLS0tLS1FTkQgUFJJVkFURSBLRVktLS0tLVxuIiwiY2xpZW50X2VtYWlsIjoiZmFrZUBmYWtlLXByb2plY3QuaWFtLmdzZXJ2aWNlYWNjb3VudC5jb20iLCJjbGllbnRfaWQiOiJmYWtlLWNsaWVudC1pZCIsImF1dGhfdXJpIjoiaHR0cHM6Ly9hY2NvdW50cy5nb29nbGUuY29tL28vb2F1dGgyL2F1dGgiLCJ0b2tlbl91cmkiOiJodHRwczovL29hdXRoMi5nb29nbGVhcGlzLmNvbS90b2tlbiIsImF1dGhfcHJvdmlkZXJfeDUwOV9jZXJ0X3VybCI6Imh0dHBzOi8vd3d3Lmdvb2dsZWFwaXMuY29tL29hdXRoMi92MS9jZXJ0cyIsImNsaWVudF94NTA5X2NlcnRfdXJsIjoiaHR0cHM6Ly93d3cuZ29vZ2xlYXBpcy5jb20vcm9ib3QvdjEvbWV0YWRhdGEveDUwOS9mYWtlJTQwZmFrZS1wcm9qZWN0LmlhbS5nc2VydmljZWFjY291bnQuY29tIiwidW5pdmVyc2VfZG9tYWluIjoiZ29vZ2xlYXBpcy5jb20ifQ==\",\"username\":\"_json_key\",\"password\":\"{\\\"type\\\":\\\"service_account\\\",\\\"project_id\\\":\\\"fake-project\\\",\\\"private_key_id\\\":\\\"fake_id\\\",\\\"private_key\\\":\\\"-----BEGIN PRIVATE KEY-----\\\\nfake\\\\n-----END PRIVATE KEY-----\\\\n\\\",\\\"client_email\\\":\\\"fake@fake-project.iam.gserviceaccount.com\\\",\\\"client_id\\\":\\\"fake-client-id\\\",\\\"auth_uri\\\":\\\"https://accounts.google.com/o/oauth2/auth\\\",\\\"token_uri\\\":\\\"https://oauth2.googleapis.com/token\\\",\\\"auth_provider_x509_cert_url\\\":\\\"https://www.googleapis.com/oauth2/v1/certs\\\",\\\"client_x509_cert_url\\\":\\\"https://www.googleapis.com/robot/v1/metadata/x509/fake%40fake-project.iam.gserviceaccount.com\\\",\\\"universe_domain\\\":\\\"googleapis.com\\\"}\"}}}"
        }
      },
      "type": "kubernetes.io/dockerconfigjson"
    },
    "name": "sv-1-docker-reg-cred",
    "provider": "",
    "type": "kubernetes:core/v1:Secret"
  },
  {
    "custom": true,
    "id": "",
    "inputs": {
      "chart": "oci://ghcr.io/digital-asset/decentralized-canton-sync-dev/helm/splice-cluster-ingress-runbook",
      "compat": "true",
      "maxHistory": 10,
      "name": "ingress-sv",
      "namespace": "sv-1",
      "timeout": 600,
      "values": {
        "affinity": {
          "nodeAffinity": {
            "requiredDuringSchedulingIgnoredDuringExecution": {
              "nodeSelectorTerms": [
                {
                  "matchExpressions": [
                    {
                      "key": "cn_apps",
                      "operator": "Exists"
                    }
                  ]
                }
              ]
            }
          }
        },
        "cluster": {
          "dnsName": "mock.global.canton.network.digitalasset.com",
          "fixedTokens": false,
          "hostname": "mock.global.canton.network.digitalasset.com",
          "name": "cn-mocknet",
          "svIngressName": "sv-2",
          "svNamespace": "sv-1"
        },
        "imageRepo": "us-central1-docker.pkg.dev/da-cn-shared/ghcr/digital-asset/decentralized-canton-sync-dev/docker",
        "ingress": {
          "decentralizedSynchronizer": {
            "migrationIds": [
              "3",
              "4"
            ]
          }
        },
        "spliceDomainNames": {
          "nameServiceDomain": "cns"
        },
        "tolerations": [
          {
            "effect": "NoSchedule",
            "key": "cn_apps",
            "operator": "Exists"
          }
        ],
        "withSvIngress": true
      },
      "version": "0.3.20"
    },
    "name": "sv-1-ingress-sv",
    "provider": "",
    "type": "kubernetes:helm.sh/v3:Release"
  },
  {
    "custom": true,
    "id": "",
    "inputs": {
      "chart": "oci://ghcr.io/digital-asset/decentralized-canton-sync-dev/helm/splice-cluster-loopback-gateway",
      "compat": "true",
      "maxHistory": 10,
      "name": "loopback",
      "namespace": "sv-1",
      "timeout": 600,
      "values": {
        "affinity": {
          "nodeAffinity": {
            "requiredDuringSchedulingIgnoredDuringExecution": {
              "nodeSelectorTerms": [
                {
                  "matchExpressions": [
                    {
                      "key": "cn_apps",
                      "operator": "Exists"
                    }
                  ]
                }
              ]
            }
          }
        },
        "cluster": {
          "dnsName": "mock.global.canton.network.digitalasset.com",
          "fixedTokens": false,
          "hostname": "mock.global.canton.network.digitalasset.com",
          "name": "cn-mocknet"
        },
        "cometbftPorts": {
          "domains": 5
        },
        "imageRepo": "us-central1-docker.pkg.dev/da-cn-shared/ghcr/digital-asset/decentralized-canton-sync-dev/docker",
        "tolerations": [
          {
            "effect": "NoSchedule",
            "key": "cn_apps",
            "operator": "Exists"
          }
        ]
      },
      "version": "0.3.20"
    },
    "name": "sv-1-loopback",
    "provider": "",
    "type": "kubernetes:helm.sh/v3:Release"
  },
  {
    "custom": true,
    "id": "",
    "inputs": {
      "chart": "oci://ghcr.io/digital-asset/decentralized-canton-sync-dev/helm/splice-scan",
      "compat": "true",
      "maxHistory": 10,
      "name": "scan",
      "namespace": "sv-1",
      "timeout": 600,
      "values": {
        "additionalJvmOptions": "-Dcom.sun.management.jmxremote=true -Dcom.sun.management.jmxremote.port=9010 -Dcom.sun.management.jmxremote.rmi.port=9010 -Dcom.sun.management.jmxremote.local.only=false -Dcom.sun.management.jmxremote.authenticate=false -Dcom.sun.management.jmxremote.ssl=false -Djava.rmi.server.hostname=127.0.0.1",
        "affinity": {
          "nodeAffinity": {
            "requiredDuringSchedulingIgnoredDuringExecution": {
              "nodeSelectorTerms": [
                {
                  "matchExpressions": [
                    {
                      "key": "cn_apps",
                      "operator": "Exists"
                    }
                  ]
                }
              ]
            }
          }
        },
        "cluster": {
          "dnsName": "mock.global.canton.network.digitalasset.com",
          "fixedTokens": false,
          "hostname": "mock.global.canton.network.digitalasset.com",
          "name": "cn-mocknet"
        },
        "enablePostgresMetrics": true,
        "failOnAppVersionMismatch": true,
        "imageRepo": "us-central1-docker.pkg.dev/da-cn-shared/ghcr/digital-asset/decentralized-canton-sync-dev/docker",
        "isFirstSv": true,
        "metrics": {
          "enable": true
        },
        "migration": {
          "id": 3
        },
        "participantAddress": "participant-3",
        "persistence": {
          "databaseName": "scan_sv_1",
          "port": 5432,
          "postgresName": "cn-apps-pg",
          "schema": "scan_sv_1",
          "secretName": "cn-apps-pg-secrets",
          "user": "cnadmin"
        },
        "sequencerAddress": "global-domain-3-sequencer",
        "spliceInstanceNames": {
          "amuletName": "Amulet",
          "amuletNameAcronym": "AMT",
          "nameServiceName": "Amulet Name Service",
          "nameServiceNameAcronym": "ANS",
          "networkFaviconUrl": "https://www.hyperledger.org/hubfs/hyperledgerfavicon.png",
          "networkName": "Splice"
        },
        "tolerations": [
          {
            "effect": "NoSchedule",
            "key": "cn_apps",
            "operator": "Exists"
          }
        ]
      },
      "version": "0.3.20"
    },
    "name": "sv-1-scan",
    "provider": "",
    "type": "kubernetes:helm.sh/v3:Release"
  },
  {
    "custom": true,
    "id": "",
    "inputs": {
      "chart": "oci://ghcr.io/digital-asset/decentralized-canton-sync-dev/helm/splice-sv-node",
      "compat": "true",
      "maxHistory": 10,
      "name": "sv-app",
      "namespace": "sv-1",
      "timeout": 600,
      "values": {
        "additionalJvmOptions": "-Dcom.sun.management.jmxremote=true -Dcom.sun.management.jmxremote.port=9010 -Dcom.sun.management.jmxremote.rmi.port=9010 -Dcom.sun.management.jmxremote.local.only=false -Dcom.sun.management.jmxremote.authenticate=false -Dcom.sun.management.jmxremote.ssl=false -Djava.rmi.server.hostname=127.0.0.1",
        "affinity": {
          "nodeAffinity": {
            "requiredDuringSchedulingIgnoredDuringExecution": {
              "nodeSelectorTerms": [
                {
                  "matchExpressions": [
                    {
                      "key": "cn_apps",
                      "operator": "Exists"
                    }
                  ]
                }
              ]
            }
          }
        },
        "approvedSvIdentities": [
          {
            "name": "Digital-Asset-2",
            "publicKey": "PUBKEY_0==",
            "rewardWeightBps": 100000
          },
          {
            "name": "SV1",
            "publicKey": "PUBLIC_KEY_1==",
            "rewardWeightBps": 1000000
          },
          {
            "extraBeneficiaries": [
              {
                "beneficiary": "mock-validator-1::123456789012345678901234567890123456789012234567890123456789012345678",
                "weight": "100000"
              },
              {
                "beneficiary": "Broadridge-validator-1::1220c89a73e7b47f16dfb48a521eeedfe2a8620ea1b19b815ab427388d9f5427faa5",
                "weight": "50000"
              }
            ],
            "name": "SV2",
            "publicKey": "PUBLIC_KEY_2==",
            "rewardWeightBps": 150000
          }
        ],
        "auth": {
          "audience": "https://canton.network.global",
          "jwksUrl": "https://canton-network-dev.us.auth0.com/.well-known/jwks.json"
        },
        "cluster": {
          "dnsName": "mock.global.canton.network.digitalasset.com",
          "fixedTokens": false,
          "hostname": "mock.global.canton.network.digitalasset.com",
          "name": "cn-mocknet"
        },
        "cometBFT": {
          "connectionUri": "http://global-domain-3-cometbft-cometbft-rpc:26657",
          "enabled": true
        },
        "contactPoint": "sv-support@digitalasset.com",
        "disableOnboardingParticipantPromotionDelay": false,
        "domain": {
          "mediatorAddress": "global-domain-3-mediator",
          "sequencerAddress": "global-domain-3-sequencer",
          "sequencerPruningConfig": {
            "enabled": true,
            "pruningInterval": "1 hours",
            "retentionPeriod": "30 days"
          },
          "sequencerPublicUrl": "https://sequencer-3.sv-2.mock.global.canton.network.digitalasset.com"
        },
        "enablePostgresMetrics": true,
        "expectedValidatorOnboardings": [
          {
            "expiresIn": "24h",
            "secretFrom": {
              "secretKeyRef": {
                "key": "secret",
                "name": "splice-app-validator-onboarding-splitwell2",
                "optional": false
              }
            }
          },
          {
            "expiresIn": "24h",
            "secretFrom": {
              "secretKeyRef": {
                "key": "secret",
                "name": "splice-app-validator-onboarding-validator12",
                "optional": false
              }
            }
          }
        ],
        "failOnAppVersionMismatch": true,
        "identitiesExport": {
          "bucket": {
            "bucketName": "da-cn-data-dumps",
            "jsonCredentials": "{\"bucketName\":\"data-export-bucket-name\",\"secretName\":\"data-export-bucket-sa-key-secret\",\"jsonCredentials\":\"data-export-bucket-sa-key-secret-creds\"}",
            "projectId": "da-cn-devnet",
            "secretName": "cn-gcp-bucket-da-cn-devnet-da-cn-data-dumps"
          },
          "prefix": "mock/sv-1"
        },
        "imageRepo": "us-central1-docker.pkg.dev/da-cn-shared/ghcr/digital-asset/decentralized-canton-sync-dev/docker",
        "initialAmuletPrice": "0.0517",
        "initialPackageConfigJson": "{\"amuletVersion\": \"0.1.4\",\"amuletNameServiceVersion\": \"0.1.4\",\"dsoGovernanceVersion\": \"0.1.7\",\"validatorLifecycleVersion\": \"0.1.1\",\"walletVersion\": \"0.1.4\",\"walletPaymentsVersion\": \"0.1.4\"}",
        "initialSynchronizerFeesConfig": {
          "baseRateBurstAmount": 200000,
          "baseRateBurstWindowMins": 20,
          "extraTrafficPrice": 16.67,
          "minTopupAmount": 200000,
          "readVsWriteScalingFactor": 4
        },
        "isDevNet": false,
        "metrics": {
          "enable": true
        },
        "migration": {
          "id": 3,
          "migrating": false
        },
        "nodeIdentifier": "Digital-Asset-2",
        "onboardingFoundingSvRewardWeightBps": 100000,
        "onboardingName": "Digital-Asset-2",
        "onboardingRoundZeroDuration": "2 h",
        "onboardingType": "found-dso",
        "participantAddress": "participant-3",
        "persistence": {
          "databaseName": "sv_sv_1",
          "port": 5432,
          "postgresName": "cn-apps-pg",
          "schema": "sv_sv_1",
          "secretName": "cn-apps-pg-secrets",
          "user": "cnadmin"
        },
        "scan": {
          "internalUrl": "http://scan-app.sv-1:5012",
          "publicUrl": "https://scan.sv-2.mock.global.canton.network.digitalasset.com"
        },
        "spliceInstanceNames": {
          "amuletName": "Amulet",
          "amuletNameAcronym": "AMT",
          "nameServiceName": "Amulet Name Service",
          "nameServiceNameAcronym": "ANS",
          "networkFaviconUrl": "https://www.hyperledger.org/hubfs/hyperledgerfavicon.png",
          "networkName": "Splice"
        },
        "tolerations": [
          {
            "effect": "NoSchedule",
            "key": "cn_apps",
            "operator": "Exists"
          }
        ]
      },
      "version": "0.3.20"
    },
    "name": "sv-1-sv-app",
    "provider": "",
    "type": "kubernetes:helm.sh/v3:Release"
  },
  {
    "custom": true,
    "id": "",
    "inputs": {
      "chart": "oci://ghcr.io/digital-asset/decentralized-canton-sync-dev/helm/splice-validator",
      "compat": "true",
      "maxHistory": 10,
      "name": "validator-sv-1",
      "namespace": "sv-1",
      "timeout": 600,
      "values": {
        "additionalJvmOptions": "-Dcom.sun.management.jmxremote=true -Dcom.sun.management.jmxremote.port=9010 -Dcom.sun.management.jmxremote.rmi.port=9010 -Dcom.sun.management.jmxremote.local.only=false -Dcom.sun.management.jmxremote.authenticate=false -Dcom.sun.management.jmxremote.ssl=false -Djava.rmi.server.hostname=127.0.0.1",
        "additionalUsers": [],
        "affinity": {
          "nodeAffinity": {
            "requiredDuringSchedulingIgnoredDuringExecution": {
              "nodeSelectorTerms": [
                {
                  "matchExpressions": [
                    {
                      "key": "cn_apps",
                      "operator": "Exists"
                    }
                  ]
                }
              ]
            }
          }
        },
        "appDars": [],
        "auth": {
          "audience": "https://canton.network.global",
          "jwksUrl": "https://canton-network-dev.us.auth0.com/.well-known/jwks.json"
        },
        "cluster": {
          "dnsName": "mock.global.canton.network.digitalasset.com",
          "fixedTokens": false,
          "hostname": "mock.global.canton.network.digitalasset.com",
          "name": "cn-mocknet"
        },
        "contactPoint": "sv-support@digitalasset.com",
        "decentralizedSynchronizerUrl": "https://sequencer-3.sv-2.mock.global.canton.network.digitalasset.com",
        "disableAllocateLedgerApiUserParty": true,
        "enablePostgresMetrics": true,
        "failOnAppVersionMismatch": true,
        "imageRepo": "us-central1-docker.pkg.dev/da-cn-shared/ghcr/digital-asset/decentralized-canton-sync-dev/docker",
        "metrics": {
          "enable": true
        },
        "migration": {
          "id": 3
        },
        "nodeIdentifier": "Digital-Asset-2",
        "participantAddress": "participant-3",
        "participantIdentitiesDumpPeriodicBackup": {
          "backupInterval": "10m",
          "location": {
            "bucket": {
              "bucketName": "da-cn-data-dumps",
              "jsonCredentials": "{\"bucketName\":\"data-export-bucket-name\",\"secretName\":\"data-export-bucket-sa-key-secret\",\"jsonCredentials\":\"data-export-bucket-sa-key-secret-creds\"}",
              "projectId": "da-cn-devnet",
              "secretName": "cn-gcp-bucket-da-cn-devnet-da-cn-data-dumps"
            },
            "prefix": "mock/sv-1"
          }
        },
        "persistence": {
          "databaseName": "validator_sv_1",
          "port": 5432,
          "postgresName": "cn-apps-pg",
          "schema": "validator_sv_1",
          "secretName": "cn-apps-pg-secrets",
          "user": "cnadmin"
        },
        "scanAddress": "http://scan-app.sv-1:5012",
        "spliceInstanceNames": {
          "amuletName": "Amulet",
          "amuletNameAcronym": "AMT",
          "nameServiceName": "Amulet Name Service",
          "nameServiceNameAcronym": "ANS",
          "networkFaviconUrl": "https://www.hyperledger.org/hubfs/hyperledgerfavicon.png",
          "networkName": "Splice"
        },
        "svValidator": true,
        "tolerations": [
          {
            "effect": "NoSchedule",
            "key": "cn_apps",
            "operator": "Exists"
          }
        ],
        "topup": {
          "enabled": true,
          "minTopupInterval": "1m",
          "targetThroughput": 0
        },
        "useSequencerConnectionsFromScan": false,
        "validatorWalletUsers": [
          "google-oauth2|1234567890",
          "auth0|64529b128448ded6aa68048f"
        ],
        "walletSweep": {
          "mock::11111111111111111111111111111111111111111111111111111111111111111111": {
            "maxBalanceUSD": 12345,
            "minBalanceUSD": 17,
            "receiver": "mock-2::222222222222222222222222222222222222222222222222222222222222222222222"
          }
        }
      },
      "version": "0.3.20"
    },
    "name": "sv-1-validator-sv-1",
    "provider": "",
    "type": "kubernetes:helm.sh/v3:Release"
  },
  {
    "custom": true,
    "id": "",
    "inputs": {
      "apiVersion": "v1",
      "kind": "Namespace",
      "metadata": {
        "labels": {
          "istio-injection": "enabled"
        },
        "name": "sv-1"
      }
    },
    "name": "sv-1",
    "provider": "",
    "type": "kubernetes:core/v1:Namespace"
  },
  {
    "custom": true,
    "id": "",
    "inputs": {
      "name": "cnadmin",
      "password": {
        "4dabf18193072939515e22adb298388d": "1b47061264138c4ac30d75fd1eb44270",
        "value": null
      }
    },
    "name": "user-sv-1-cn-apps-pg",
    "provider": "",
    "type": "gcp:sql/user:User"
  }
]
